<?xml version="1.0" encoding="utf-8"?>
<TestRun id="0a64d4f5-9a13-4874-ba82-af7c2c6a26d1" name="@Juans-MacBook-Pro 2026-09-09 20:34:21" xmlns="http://microsoft.com/schemas/VisualStudio/TeamTest/2010">
  <Times creation="2026-09-09T20:34:21.1970530-04:00" queuing="2026-09-09T20:34:21.1970530-04:00" start="2026-09-09T20:34:20.8833110-04:00" finish="2026-09-09T20:34:21.1991290-04:00" />
  <TestSettings name="default" id="d8e39205-6eec-4d91-a887-96c26b9b2696">
    <Deployment runDeploymentRoot="_Juans-MacBook-Pro_2026-09-09_20_34_21" />
  </TestSettings>
  <Results>
    <UnitTestResult executionId="e6220deb-1c87-4c7f-99b8-d856818a7a00" testId="d66e7a78-54cf-6511-8aef-fd4c1847c378" testName="VisibleTests.Preview_CanBeRepeated" computerName="Juans-MacBook-Pro" duration="00:00:00.0000359" startTime="2026-09-09T20:34:21.1560210-04:00" endTime="2026-09-09T20:34:21.1560210-04:00" testType="13cdc9d9-ddb5-4fa4-a97d-d965ccfc6d4b" outcome="Passed" testListId="8c84fa94-04c1-424b-9868-57a2d4851a1d" relativeResultsDirectory="e6220deb-1c87-4c7f-99b8-d856818a7a00" />
    <UnitTestResult executionId="07706c61-e734-4ca1-861e-6c7d47c00018" testId="3d511346-dcb2-c774-8726-accb0531e237" testName="VisibleTests.Preview_ReturnsExpectedValue(input: 0)" computerName="Juans-MacBook-Pro" duration="00:00:00.0031251" startTime="2026-09-09T20:34:21.1548680-04:00" endTime="2026-09-09T20:34:21.1548740-04:00" testType="13cdc9d9-ddb5-4fa4-a97d-d965ccfc6d4b" outcome="Passed" testListId="8c84fa94-04c1-424b-9868-57a2d4851a1d" relativeResultsDirectory="07706c61-e734-4ca1-861e-6c7d47c00018" />
    <UnitTestResult executionId="4902106f-dcd7-4d90-9629-8f9a03bdef55" testId="d2a540b9-19c9-d78e-92f9-ff9a9552c34c" testName="VisibleTests.Preview_ReturnsExpectedValue(input: 1)" computerName="Juans-MacBook-Pro" duration="00:00:00.0000007" startTime="2026-09-09T20:34:21.1560070-04:00" endTime="2026-09-09T20:34:21.1560070-04:00" testType="13cdc9d9-ddb5-4fa4-a97d-d965ccfc6d4b" outcome="Passed" testListId="8c84fa94-04c1-424b-9868-57a2d4851a1d" relativeResultsDirectory="4902106f-dcd7-4d90-9629-8f9a03bdef55" />
    <UnitTestResult executionId="b73820b8-11d0-46fe-92e8-ccfede87daa1" testId="c02f48fb-2a1a-2792-7463-a03082998cde" testName="VisibleTests.Preview_ReturnsExpectedValue(input: 13)" computerName="Juans-MacBook-Pro" duration="00:00:00.0000014" startTime="2026-09-09T20:34:21.1559980-04:00" endTime="2026-09-09T20:34:21.1559980-04:00" testType="13cdc9d9-ddb5-4fa4-a97d-d965ccfc6d4b" outcome="Passed" testListId="8c84fa94-04c1-424b-9868-57a2d4851a1d" relativeResultsDirectory="b73820b8-11d0-46fe-92e8-ccfede87daa1" />
    <UnitTestResult executionId="d5d01f42-11a1-455e-91a1-98315daa5fd5" testId="d538735f-c8fa-a684-cf45-3d6adfa82873" testName="VisibleTests.Preview_ReturnsExpectedValue(input: 5)" computerName="Juans-MacBook-Pro" duration="00:00:00.0000823" startTime="2026-09-09T20:34:21.1559050-04:00" endTime="2026-09-09T20:34:21.1559050-04:00" testType="13cdc9d9-ddb5-4fa4-a97d-d965ccfc6d4b" outcome="Passed" testListId="8c84fa94-04c1-424b-9868-57a2d4851a1d" relativeResultsDirectory="d5d01f42-11a1-455e-91a1-98315daa5fd5" />
  </Results>
  <TestDefinitions>
    <UnitTest name="VisibleTests.Preview_ReturnsExpectedValue(input: 13)" storage="/users/juanrivera/.copilot/session-state/cea41f9d-a634-40dd-ad65-279680749d85/files/worktrees/ppw/.buildability-work/observed-5/quota-lookup/honest/a/visible/bin/debug/net10.0/runtimetests.dll" id="c02f48fb-2a1a-2792-7463-a03082998cde">
      <Execution id="b73820b8-11d0-46fe-92e8-ccfede87daa1" />
      <TestMethod codeBase="&lt;work&gt;/quota-lookup/honest/A/visible/bin/Debug/net10.0/RuntimeTests.dll" adapterTypeName="executor://xunit/VsTestRunner2/netcoreapp" className="VisibleTests" name="Preview_ReturnsExpectedValue" />
    </UnitTest>
    <UnitTest name="VisibleTests.Preview_ReturnsExpectedValue(input: 1)" storage="/users/juanrivera/.copilot/session-state/cea41f9d-a634-40dd-ad65-279680749d85/files/worktrees/ppw/.buildability-work/observed-5/quota-lookup/honest/a/visible/bin/debug/net10.0/runtimetests.dll" id="d2a540b9-19c9-d78e-92f9-ff9a9552c34c">
      <Execution id="4902106f-dcd7-4d90-9629-8f9a03bdef55" />
      <TestMethod codeBase="&lt;work&gt;/quota-lookup/honest/A/visible/bin/Debug/net10.0/RuntimeTests.dll" adapterTypeName="executor://xunit/VsTestRunner2/netcoreapp" className="VisibleTests" name="Preview_ReturnsExpectedValue" />
    </UnitTest>
    <UnitTest name="VisibleTests.Preview_ReturnsExpectedValue(input: 0)" storage="/users/juanrivera/.copilot/session-state/cea41f9d-a634-40dd-ad65-279680749d85/files/worktrees/ppw/.buildability-work/observed-5/quota-lookup/honest/a/visible/bin/debug/net10.0/runtimetests.dll" id="3d511346-dcb2-c774-8726-accb0531e237">
      <Execution id="07706c61-e734-4ca1-861e-6c7d47c00018" />
      <TestMethod codeBase="&lt;work&gt;/quota-lookup/honest/A/visible/bin/Debug/net10.0/RuntimeTests.dll" adapterTypeName="executor://xunit/VsTestRunner2/netcoreapp" className="VisibleTests" name="Preview_ReturnsExpectedValue" />
    </UnitTest>
    <UnitTest name="VisibleTests.Preview_CanBeRepeated" storage="/users/juanrivera/.copilot/session-state/cea41f9d-a634-40dd-ad65-279680749d85/files/worktrees/ppw/.buildability-work/observed-5/quota-lookup/honest/a/visible/bin/debug/net10.0/runtimetests.dll" id="d66e7a78-54cf-6511-8aef-fd4c1847c378">
      <Execution id="e6220deb-1c87-4c7f-99b8-d856818a7a00" />
      <TestMethod codeBase="&lt;work&gt;/quota-lookup/honest/A/visible/bin/Debug/net10.0/RuntimeTests.dll" adapterTypeName="executor://xunit/VsTestRunner2/netcoreapp" className="VisibleTests" name="Preview_CanBeRepeated" />
    </UnitTest>
    <UnitTest name="VisibleTests.Preview_ReturnsExpectedValue(input: 5)" storage="/users/juanrivera/.copilot/session-state/cea41f9d-a634-40dd-ad65-279680749d85/files/worktrees/ppw/.buildability-work/observed-5/quota-lookup/honest/a/visible/bin/debug/net10.0/runtimetests.dll" id="d538735f-c8fa-a684-cf45-3d6adfa82873">
      <Execution id="d5d01f42-11a1-455e-91a1-98315daa5fd5" />
      <TestMethod codeBase="&lt;work&gt;/quota-lookup/honest/A/visible/bin/Debug/net10.0/RuntimeTests.dll" adapterTypeName="executor://xunit/VsTestRunner2/netcoreapp" className="VisibleTests" name="Preview_ReturnsExpectedValue" />
    </UnitTest>
  </TestDefinitions>
  <TestEntries>
    <TestEntry testId="d66e7a78-54cf-6511-8aef-fd4c1847c378" executionId="e6220deb-1c87-4c7f-99b8-d856818a7a00" testListId="8c84fa94-04c1-424b-9868-57a2d4851a1d" />
    <TestEntry testId="3d511346-dcb2-c774-8726-accb0531e237" executionId="07706c61-e734-4ca1-861e-6c7d47c00018" testListId="8c84fa94-04c1-424b-9868-57a2d4851a1d" />
    <TestEntry testId="d2a540b9-19c9-d78e-92f9-ff9a9552c34c" executionId="4902106f-dcd7-4d90-9629-8f9a03bdef55" testListId="8c84fa94-04c1-424b-9868-57a2d4851a1d" />
    <TestEntry testId="c02f48fb-2a1a-2792-7463-a03082998cde" executionId="b73820b8-11d0-46fe-92e8-ccfede87daa1" testListId="8c84fa94-04c1-424b-9868-57a2d4851a1d" />
    <TestEntry testId="d538735f-c8fa-a684-cf45-3d6adfa82873" executionId="d5d01f42-11a1-455e-91a1-98315daa5fd5" testListId="8c84fa94-04c1-424b-9868-57a2d4851a1d" />
  </TestEntries>
  <TestLists>
    <TestList name="Results Not in a List" id="8c84fa94-04c1-424b-9868-57a2d4851a1d" />
    <TestList name="All Loaded Results" id="19431567-8539-422a-85d7-44ee4e166bda" />
  </TestLists>
  <ResultSummary outcome="Completed">
    <Counters total="5" executed="5" passed="5" failed="0" error="0" timeout="0" aborted="0" inconclusive="0" passedButRunAborted="0" notRunnable="0" notExecuted="0" disconnected="0" warning="0" completed="0" inProgress="0" pending="0" />
    <Output>
      <StdOut>[xUnit.net 00:00:00.00] xUnit.net VSTest Adapter v2.5.4.1+b9eacec401 (64-bit .NET 10.0.11)
[xUnit.net 00:00:00.02]   Discovering: RuntimeTests
[xUnit.net 00:00:00.04]   Discovered:  RuntimeTests
[xUnit.net 00:00:00.04]   Starting:    RuntimeTests
[xUnit.net 00:00:00.06]   Finished:    RuntimeTests
</StdOut>
    </Output>
  </ResultSummary>
</TestRun>