<?xml version="1.0" encoding="utf-8"?>
<TestRun id="d5eb04eb-9cf9-4e74-9b43-10e338dd8170" name="@Juans-MacBook-Pro 2026-09-09 21:24:16" xmlns="http://microsoft.com/schemas/VisualStudio/TeamTest/2010">
  <Times creation="2026-09-09T21:24:16.2180160-04:00" queuing="2026-09-09T21:24:16.2180160-04:00" start="2026-09-09T21:24:15.9120470-04:00" finish="2026-09-09T21:24:16.2201660-04:00" />
  <TestSettings name="default" id="52a90705-c889-4fbc-a0d0-934f769ccbfc">
    <Deployment runDeploymentRoot="_Juans-MacBook-Pro_2026-09-09_21_24_16" />
  </TestSettings>
  <Results>
    <UnitTestResult executionId="6be72314-ded8-4285-affa-68190097587e" testId="d66e7a78-54cf-6511-8aef-fd4c1847c378" testName="VisibleTests.Preview_CanBeRepeated" computerName="Juans-MacBook-Pro" duration="00:00:00.0000385" startTime="2026-09-09T21:24:16.1763300-04:00" endTime="2026-09-09T21:24:16.1763300-04:00" testType="13cdc9d9-ddb5-4fa4-a97d-d965ccfc6d4b" outcome="Passed" testListId="8c84fa94-04c1-424b-9868-57a2d4851a1d" relativeResultsDirectory="6be72314-ded8-4285-affa-68190097587e" />
    <UnitTestResult executionId="43895417-6ef1-4ba8-a7b7-548e6b77079e" testId="3d511346-dcb2-c774-8726-accb0531e237" testName="VisibleTests.Preview_ReturnsExpectedValue(input: 0)" computerName="Juans-MacBook-Pro" duration="00:00:00.0036583" startTime="2026-09-09T21:24:16.1751110-04:00" endTime="2026-09-09T21:24:16.1751170-04:00" testType="13cdc9d9-ddb5-4fa4-a97d-d965ccfc6d4b" outcome="Passed" testListId="8c84fa94-04c1-424b-9868-57a2d4851a1d" relativeResultsDirectory="43895417-6ef1-4ba8-a7b7-548e6b77079e" />
    <UnitTestResult executionId="eb9a6552-3eb3-4405-a961-38916a75dc05" testId="c02f48fb-2a1a-2792-7463-a03082998cde" testName="VisibleTests.Preview_ReturnsExpectedValue(input: 13)" computerName="Juans-MacBook-Pro" duration="00:00:00.0000014" startTime="2026-09-09T21:24:16.1762990-04:00" endTime="2026-09-09T21:24:16.1762990-04:00" testType="13cdc9d9-ddb5-4fa4-a97d-d965ccfc6d4b" outcome="Passed" testListId="8c84fa94-04c1-424b-9868-57a2d4851a1d" relativeResultsDirectory="eb9a6552-3eb3-4405-a961-38916a75dc05" />
    <UnitTestResult executionId="b03af296-6a6d-414a-a0ab-53d387719e78" testId="d2a540b9-19c9-d78e-92f9-ff9a9552c34c" testName="VisibleTests.Preview_ReturnsExpectedValue(input: 1)" computerName="Juans-MacBook-Pro" duration="00:00:00.0000007" startTime="2026-09-09T21:24:16.1763100-04:00" endTime="2026-09-09T21:24:16.1763100-04:00" testType="13cdc9d9-ddb5-4fa4-a97d-d965ccfc6d4b" outcome="Passed" testListId="8c84fa94-04c1-424b-9868-57a2d4851a1d" relativeResultsDirectory="b03af296-6a6d-414a-a0ab-53d387719e78" />
    <UnitTestResult executionId="2240269d-6c70-4e35-9b4b-6f994afb9fc9" testId="d538735f-c8fa-a684-cf45-3d6adfa82873" testName="VisibleTests.Preview_ReturnsExpectedValue(input: 5)" computerName="Juans-MacBook-Pro" duration="00:00:00.0000984" startTime="2026-09-09T21:24:16.1761970-04:00" endTime="2026-09-09T21:24:16.1761970-04:00" testType="13cdc9d9-ddb5-4fa4-a97d-d965ccfc6d4b" outcome="Passed" testListId="8c84fa94-04c1-424b-9868-57a2d4851a1d" relativeResultsDirectory="2240269d-6c70-4e35-9b4b-6f994afb9fc9" />
  </Results>
  <TestDefinitions>
    <UnitTest name="VisibleTests.Preview_ReturnsExpectedValue(input: 13)" storage="/users/juanrivera/.copilot/session-state/cea41f9d-a634-40dd-ad65-279680749d85/files/worktrees/ppw/.buildability-work/observed-7/retry-budget/honest/a/visible/bin/debug/net10.0/runtimetests.dll" id="c02f48fb-2a1a-2792-7463-a03082998cde">
      <Execution id="eb9a6552-3eb3-4405-a961-38916a75dc05" />
      <TestMethod codeBase="&lt;work&gt;/retry-budget/honest/A/visible/bin/Debug/net10.0/RuntimeTests.dll" adapterTypeName="executor://xunit/VsTestRunner2/netcoreapp" className="VisibleTests" name="Preview_ReturnsExpectedValue" />
    </UnitTest>
    <UnitTest name="VisibleTests.Preview_ReturnsExpectedValue(input: 1)" storage="/users/juanrivera/.copilot/session-state/cea41f9d-a634-40dd-ad65-279680749d85/files/worktrees/ppw/.buildability-work/observed-7/retry-budget/honest/a/visible/bin/debug/net10.0/runtimetests.dll" id="d2a540b9-19c9-d78e-92f9-ff9a9552c34c">
      <Execution id="b03af296-6a6d-414a-a0ab-53d387719e78" />
      <TestMethod codeBase="&lt;work&gt;/retry-budget/honest/A/visible/bin/Debug/net10.0/RuntimeTests.dll" adapterTypeName="executor://xunit/VsTestRunner2/netcoreapp" className="VisibleTests" name="Preview_ReturnsExpectedValue" />
    </UnitTest>
    <UnitTest name="VisibleTests.Preview_ReturnsExpectedValue(input: 0)" storage="/users/juanrivera/.copilot/session-state/cea41f9d-a634-40dd-ad65-279680749d85/files/worktrees/ppw/.buildability-work/observed-7/retry-budget/honest/a/visible/bin/debug/net10.0/runtimetests.dll" id="3d511346-dcb2-c774-8726-accb0531e237">
      <Execution id="43895417-6ef1-4ba8-a7b7-548e6b77079e" />
      <TestMethod codeBase="&lt;work&gt;/retry-budget/honest/A/visible/bin/Debug/net10.0/RuntimeTests.dll" adapterTypeName="executor://xunit/VsTestRunner2/netcoreapp" className="VisibleTests" name="Preview_ReturnsExpectedValue" />
    </UnitTest>
    <UnitTest name="VisibleTests.Preview_CanBeRepeated" storage="/users/juanrivera/.copilot/session-state/cea41f9d-a634-40dd-ad65-279680749d85/files/worktrees/ppw/.buildability-work/observed-7/retry-budget/honest/a/visible/bin/debug/net10.0/runtimetests.dll" id="d66e7a78-54cf-6511-8aef-fd4c1847c378">
      <Execution id="6be72314-ded8-4285-affa-68190097587e" />
      <TestMethod codeBase="&lt;work&gt;/retry-budget/honest/A/visible/bin/Debug/net10.0/RuntimeTests.dll" adapterTypeName="executor://xunit/VsTestRunner2/netcoreapp" className="VisibleTests" name="Preview_CanBeRepeated" />
    </UnitTest>
    <UnitTest name="VisibleTests.Preview_ReturnsExpectedValue(input: 5)" storage="/users/juanrivera/.copilot/session-state/cea41f9d-a634-40dd-ad65-279680749d85/files/worktrees/ppw/.buildability-work/observed-7/retry-budget/honest/a/visible/bin/debug/net10.0/runtimetests.dll" id="d538735f-c8fa-a684-cf45-3d6adfa82873">
      <Execution id="2240269d-6c70-4e35-9b4b-6f994afb9fc9" />
      <TestMethod codeBase="&lt;work&gt;/retry-budget/honest/A/visible/bin/Debug/net10.0/RuntimeTests.dll" adapterTypeName="executor://xunit/VsTestRunner2/netcoreapp" className="VisibleTests" name="Preview_ReturnsExpectedValue" />
    </UnitTest>
  </TestDefinitions>
  <TestEntries>
    <TestEntry testId="d66e7a78-54cf-6511-8aef-fd4c1847c378" executionId="6be72314-ded8-4285-affa-68190097587e" testListId="8c84fa94-04c1-424b-9868-57a2d4851a1d" />
    <TestEntry testId="3d511346-dcb2-c774-8726-accb0531e237" executionId="43895417-6ef1-4ba8-a7b7-548e6b77079e" testListId="8c84fa94-04c1-424b-9868-57a2d4851a1d" />
    <TestEntry testId="c02f48fb-2a1a-2792-7463-a03082998cde" executionId="eb9a6552-3eb3-4405-a961-38916a75dc05" testListId="8c84fa94-04c1-424b-9868-57a2d4851a1d" />
    <TestEntry testId="d2a540b9-19c9-d78e-92f9-ff9a9552c34c" executionId="b03af296-6a6d-414a-a0ab-53d387719e78" testListId="8c84fa94-04c1-424b-9868-57a2d4851a1d" />
    <TestEntry testId="d538735f-c8fa-a684-cf45-3d6adfa82873" executionId="2240269d-6c70-4e35-9b4b-6f994afb9fc9" testListId="8c84fa94-04c1-424b-9868-57a2d4851a1d" />
  </TestEntries>
  <TestLists>
    <TestList name="Results Not in a List" id="8c84fa94-04c1-424b-9868-57a2d4851a1d" />
    <TestList name="All Loaded Results" id="19431567-8539-422a-85d7-44ee4e166bda" />
  </TestLists>
  <ResultSummary outcome="Completed">
    <Counters total="5" executed="5" passed="5" failed="0" error="0" timeout="0" aborted="0" inconclusive="0" passedButRunAborted="0" notRunnable="0" notExecuted="0" disconnected="0" warning="0" completed="0" inProgress="0" pending="0" />
    <Output>
      <StdOut>[xUnit.net 00:00:00.00] xUnit.net VSTest Adapter v2.5.4.1+b9eacec401 (64-bit .NET 10.0.11)
[xUnit.net 00:00:00.02]   Discovering: RuntimeTests
[xUnit.net 00:00:00.04]   Discovered:  RuntimeTests
[xUnit.net 00:00:00.04]   Starting:    RuntimeTests
[xUnit.net 00:00:00.06]   Finished:    RuntimeTests
</StdOut>
    </Output>
  </ResultSummary>
</TestRun>