start 2026-10-07T15:25:21Z HEAD 696ab82470626164979a07792ed74932ab88d9e6
== z3 2026-10-07T15:25:21Z
z3 exit 0
== restore 2026-10-07T15:25:29Z
restore exit 0
== build 2026-10-07T15:25:30Z
build exit 0
== vrd 2026-10-07T15:25:36Z
vrd exit 0
== modeled 2026-10-07T15:25:45Z
modeled exit 0
== contract 2026-10-07T15:25:45Z
contract exit 0
== b1 2026-10-07T15:25:47Z
b1 exit 0
== pack 2026-10-07T15:25:48Z
pack exit 0
== meta 2026-10-07T15:26:02Z
meta exit 0
== website 2026-10-07T15:26:02Z
website exit 0
end 2026-10-07T15:26:18Z
