TokenEconomics/HelloWorld: EQUIVALENT (AGREE)
TokenEconomics/Calculator: NOT-EQUIVALENT (OBSERVATION_MISMATCH)
TokenEconomics/FizzBuzz: NOT-EQUIVALENT (SURFACE_MISMATCH)
TokenEconomics/Factorial: UNCLASSIFIED (ORACLE_CRASH)
TokenEconomics/Fibonacci: UNCLASSIFIED (TIMEOUT)
TokenEconomics/ContractedDivide: NOT-EQUIVALENT (OBSERVATION_MISMATCH)
TokenEconomics/StringUtils: NOT-EQUIVALENT (SURFACE_MISMATCH)
TokenEconomics/MathOperations: NOT-EQUIVALENT (OBSERVATION_MISMATCH)
TokenEconomics/ArraySum: NOT-EQUIVALENT (SURFACE_MISMATCH)
TokenEconomics/MaxValue: NOT-EQUIVALENT (SURFACE_MISMATCH)
TokenEconomics/IsPrime: NOT-EQUIVALENT (OBSERVATION_MISMATCH)
TokenEconomics/BinarySearch: NOT-EQUIVALENT (SURFACE_MISMATCH)
TokenEconomics/TemperatureConverter: NOT-EQUIVALENT (BUILD_FAILED_CALOR)
TokenEconomics/LeapYear: EQUIVALENT (AGREE)
TokenEconomics/GCD: EQUIVALENT (AGREE)
TokenEconomics/ReverseString: NOT-EQUIVALENT (SURFACE_MISMATCH)
TokenEconomics/CountVowels: NOT-EQUIVALENT (SURFACE_MISMATCH)
TokenEconomics/Palindrome: NOT-EQUIVALENT (SURFACE_MISMATCH)
TokenEconomics/Power: NOT-EQUIVALENT (BUILD_FAILED_CALOR)
TokenEconomics/Clamp: NOT-EQUIVALENT (OBSERVATION_MISMATCH)
DataStructures/Stack: NOT-EQUIVALENT (SURFACE_MISMATCH)
DataStructures/Queue: NOT-EQUIVALENT (SURFACE_MISMATCH)
DataStructures/LinkedList: NOT-EQUIVALENT (SURFACE_MISMATCH)
DataStructures/BinaryTree: NOT-EQUIVALENT (SURFACE_MISMATCH)
DesignPatterns/Singleton: NOT-EQUIVALENT (SURFACE_MISMATCH)
DesignPatterns/Factory: NOT-EQUIVALENT (BUILD_FAILED_CALOR)
DomainProblems/ShoppingCart: NOT-EQUIVALENT (SURFACE_MISMATCH)
ComplexAlgorithms/QuickSort: NOT-EQUIVALENT (SURFACE_MISMATCH)
TokenEconomics/SumRange: UNCLASSIFIED (TIMEOUT)
TokenEconomics/Average: NOT-EQUIVALENT (BUILD_FAILED_CALOR)
TokenEconomics/Abs: NOT-EQUIVALENT (OBSERVATION_MISMATCH)
TokenEconomics/Sign: EQUIVALENT (AGREE)
TokenEconomics/MinTwo: EQUIVALENT (AGREE)
TokenEconomics/MaxTwo: EQUIVALENT (AGREE)
TokenEconomics/IsEven: EQUIVALENT (AGREE)
TokenEconomics/IsOdd: EQUIVALENT (AGREE)
TokenEconomics/CelsiusToKelvin: NOT-EQUIVALENT (BUILD_FAILED_CALOR)
TokenEconomics/AreaOfCircle: NOT-EQUIVALENT (BUILD_FAILED_CALOR)
TokenEconomics/Hypotenuse: NOT-EQUIVALENT (SURFACE_MISMATCH)
TokenEconomics/DigitCount: NOT-EQUIVALENT (SURFACE_MISMATCH)
TokenEconomics/SumDigits: NOT-EQUIVALENT (SURFACE_MISMATCH)
TokenEconomics/ReverseArray: NOT-EQUIVALENT (SURFACE_MISMATCH)
TokenEconomics/Contains: NOT-EQUIVALENT (SURFACE_MISMATCH)
TokenEconomics/CountOccurrences: NOT-EQUIVALENT (SURFACE_MISMATCH)
TokenEconomics/TruncateString: NOT-EQUIVALENT (SURFACE_MISMATCH)
TokenEconomics/IsAlpha: NOT-EQUIVALENT (SURFACE_MISMATCH)
TokenEconomics/Capitalize: NOT-EQUIVALENT (SURFACE_MISMATCH)
TokenEconomics/CompoundInterest: NOT-EQUIVALENT (BUILD_FAILED_CALOR)
DataStructures/PriorityQueue: NOT-EQUIVALENT (SURFACE_MISMATCH)
DataStructures/Deque: NOT-EQUIVALENT (SURFACE_MISMATCH)
DataStructures/CircularBuffer: NOT-EQUIVALENT (SURFACE_MISMATCH)
DataStructures/HashMap: NOT-EQUIVALENT (BUILD_FAILED_CALOR)
DataStructures/MinStack: NOT-EQUIVALENT (SURFACE_MISMATCH)
DataStructures/Trie: NOT-EQUIVALENT (SURFACE_MISMATCH)
DataStructures/Graph: NOT-EQUIVALENT (SURFACE_MISMATCH)
DataStructures/DisjointSet: NOT-EQUIVALENT (SURFACE_MISMATCH)
DataStructures/MaxHeap: NOT-EQUIVALENT (SURFACE_MISMATCH)
DataStructures/SortedList: NOT-EQUIVALENT (SURFACE_MISMATCH)
DataStructures/BitSet: NOT-EQUIVALENT (SURFACE_MISMATCH)
DesignPatterns/Observer: NOT-EQUIVALENT (SURFACE_MISMATCH)
DesignPatterns/Strategy: NOT-EQUIVALENT (SURFACE_MISMATCH)
DesignPatterns/Builder: NOT-EQUIVALENT (SURFACE_MISMATCH)
DesignPatterns/Decorator: NOT-EQUIVALENT (SURFACE_MISMATCH)
DesignPatterns/Command: NOT-EQUIVALENT (SURFACE_MISMATCH)
DesignPatterns/State: NOT-EQUIVALENT (SURFACE_MISMATCH)
DesignPatterns/Adapter: NOT-EQUIVALENT (BUILD_FAILED_CALOR)
DesignPatterns/Proxy: NOT-EQUIVALENT (SURFACE_MISMATCH)
DesignPatterns/Iterator: NOT-EQUIVALENT (SURFACE_MISMATCH)
DesignPatterns/Mediator: NOT-EQUIVALENT (SURFACE_MISMATCH)
DesignPatterns/ChainOfResponsibility: NOT-EQUIVALENT (SURFACE_MISMATCH)
DesignPatterns/Composite: NOT-EQUIVALENT (SURFACE_MISMATCH)
DesignPatterns/Flyweight: NOT-EQUIVALENT (SURFACE_MISMATCH)
DomainProblems/BankAccount: NOT-EQUIVALENT (SURFACE_MISMATCH)
DomainProblems/TodoList: NOT-EQUIVALENT (SURFACE_MISMATCH)
DomainProblems/Inventory: NOT-EQUIVALENT (SURFACE_MISMATCH)
DomainProblems/VotingSystem: NOT-EQUIVALENT (BUILD_FAILED_CALOR)
DomainProblems/GradeCalculator: NOT-EQUIVALENT (SURFACE_MISMATCH)
DomainProblems/PasswordValidator: NOT-EQUIVALENT (SURFACE_MISMATCH)
DomainProblems/PhoneBook: NOT-EQUIVALENT (SURFACE_MISMATCH)
DomainProblems/UnitConverter: NOT-EQUIVALENT (BUILD_FAILED_CALOR)
DomainProblems/Calendar: NOT-EQUIVALENT (OBSERVATION_MISMATCH)
DomainProblems/Timer: NOT-EQUIVALENT (SURFACE_MISMATCH)
DomainProblems/ScoreBoard: NOT-EQUIVALENT (BUILD_FAILED_CALOR)
DomainProblems/TaxCalculator: NOT-EQUIVALENT (BUILD_FAILED_CALOR)
DomainProblems/BMICalculator: NOT-EQUIVALENT (SURFACE_MISMATCH)
DomainProblems/DistanceCalculator: NOT-EQUIVALENT (SURFACE_MISMATCH)
DomainProblems/CurrencyConverter: NOT-EQUIVALENT (BUILD_FAILED_CALOR)
DomainProblems/DateDiff: NOT-EQUIVALENT (SURFACE_MISMATCH)
DomainProblems/EmailValidator: NOT-EQUIVALENT (SURFACE_MISMATCH)
DomainProblems/UrlParser: NOT-EQUIVALENT (SURFACE_MISMATCH)
DomainProblems/CsvParser: NOT-EQUIVALENT (SURFACE_MISMATCH)
ComplexAlgorithms/MergeSort: NOT-EQUIVALENT (SURFACE_MISMATCH)
ComplexAlgorithms/InsertionSort: NOT-EQUIVALENT (SURFACE_MISMATCH)
ComplexAlgorithms/SelectionSort: NOT-EQUIVALENT (SURFACE_MISMATCH)
ComplexAlgorithms/BubbleSort: NOT-EQUIVALENT (SURFACE_MISMATCH)
ComplexAlgorithms/LinearSearch: NOT-EQUIVALENT (SURFACE_MISMATCH)
ComplexAlgorithms/InterpolationSearch: NOT-EQUIVALENT (SURFACE_MISMATCH)
ComplexAlgorithms/DepthFirstSearch: NOT-EQUIVALENT (SURFACE_MISMATCH)
ComplexAlgorithms/BreadthFirstSearch: NOT-EQUIVALENT (SURFACE_MISMATCH)
ComplexAlgorithms/Dijkstra: NOT-EQUIVALENT (SURFACE_MISMATCH)
ComplexAlgorithms/Knapsack: NOT-EQUIVALENT (SURFACE_MISMATCH)
ComplexAlgorithms/LCS: NOT-EQUIVALENT (SURFACE_MISMATCH)
ComplexAlgorithms/EditDistance: NOT-EQUIVALENT (SURFACE_MISMATCH)
ComplexAlgorithms/MatrixMultiply: NOT-EQUIVALENT (SURFACE_MISMATCH)
ComplexAlgorithms/TowerOfHanoi: NOT-EQUIVALENT (SURFACE_MISMATCH)
TokenEconomics/ExpressionBodied: NOT-EQUIVALENT (OBSERVATION_MISMATCH)
TokenEconomics/TernaryChain: EQUIVALENT (AGREE)
TokenEconomics/VoidSequence: EQUIVALENT (AGREE)
TokenEconomics/LogPipeline: EQUIVALENT (AGREE)
TokenEconomics/PairLogger: EQUIVALENT (AGREE)
TokenEconomics/ParseAndDouble: EQUIVALENT (AGREE)
TokenEconomics/FormatHeader: EQUIVALENT (AGREE)
TokenEconomics/ReturnMapped: NOT-EQUIVALENT (OBSERVATION_MISMATCH)
TokenEconomics/AggregateStats: NOT-EQUIVALENT (OBSERVATION_MISMATCH)
TokenEconomics/TemperatureRange: NOT-EQUIVALENT (BUILD_FAILED_CALOR)
TokenEconomics/ThreeWayMerge: NOT-EQUIVALENT (OBSERVATION_MISMATCH)
TokenEconomics/NamedConfig: EQUIVALENT (AGREE)
AsyncConcurrency/SimpleAsync: UNCLASSIFIED (UNSUPPORTED_TYPE)
AsyncConcurrency/AsyncReturn: UNCLASSIFIED (UNSUPPORTED_TYPE)
AsyncConcurrency/AsyncChain: NOT-EQUIVALENT (SURFACE_MISMATCH)
AsyncConcurrency/DelayedResult: UNCLASSIFIED (UNSUPPORTED_TYPE)
AsyncConcurrency/AsyncPure: UNCLASSIFIED (UNSUPPORTED_TYPE)
AsyncConcurrency/AsyncEffect: UNCLASSIFIED (UNSUPPORTED_TYPE)
AsyncConcurrency/ParallelTasks: NOT-EQUIVALENT (SURFACE_MISMATCH)
AsyncConcurrency/CancellableTask: NOT-EQUIVALENT (SURFACE_MISMATCH)
AsyncConcurrency/AsyncLoop: NOT-EQUIVALENT (SURFACE_MISMATCH)
AsyncConcurrency/AsyncErrorHandling: NOT-EQUIVALENT (SURFACE_MISMATCH)
CollectionsLINQ/ListOps: NOT-EQUIVALENT (SURFACE_MISMATCH)
CollectionsLINQ/DictOps: NOT-EQUIVALENT (SURFACE_MISMATCH)
CollectionsLINQ/SetOps: NOT-EQUIVALENT (SURFACE_MISMATCH)
CollectionsLINQ/ArraySlice: NOT-EQUIVALENT (SURFACE_MISMATCH)
CollectionsLINQ/Filter: NOT-EQUIVALENT (SURFACE_MISMATCH)
CollectionsLINQ/Map: NOT-EQUIVALENT (SURFACE_MISMATCH)
CollectionsLINQ/Reduce: NOT-EQUIVALENT (SURFACE_MISMATCH)
CollectionsLINQ/Sort: NOT-EQUIVALENT (SURFACE_MISMATCH)
CollectionsLINQ/GroupBy: NOT-EQUIVALENT (SURFACE_MISMATCH)
CollectionsLINQ/Zip: NOT-EQUIVALENT (SURFACE_MISMATCH)
CollectionsLINQ/LinqPipeline: NOT-EQUIVALENT (SURFACE_MISMATCH)
CompactSyntax/InlineSigs: NOT-EQUIVALENT (OBSERVATION_MISMATCH)
CompactSyntax/AutoProps: NOT-EQUIVALENT (SURFACE_MISMATCH)
CompactSyntax/OptionalIds: NOT-EQUIVALENT (OBSERVATION_MISMATCH)
CompactSyntax/CompactClass: NOT-EQUIVALENT (SURFACE_MISMATCH)
CompactSyntax/MixedSyntax: NOT-EQUIVALENT (OBSERVATION_MISMATCH)
ContractVerification/ProvableContracts: NOT-EQUIVALENT (OBSERVATION_MISMATCH)
ContractVerification/BuggyContracts: NOT-EQUIVALENT (OBSERVATION_MISMATCH)
ContractVerification/MixedContracts: NOT-EQUIVALENT (OBSERVATION_MISMATCH)
ContractVerification/OverflowUnsafe: NOT-EQUIVALENT (OBSERVATION_MISMATCH)
ContractVerification/OverflowSafe: NOT-EQUIVALENT (OBSERVATION_MISMATCH)
ContractVerification/StringContracts: NOT-EQUIVALENT (OBSERVATION_MISMATCH)
ContractVerification/ArrayContracts: NOT-EQUIVALENT (OBSERVATION_MISMATCH)
ContractVerification/DivisionContracts: NOT-EQUIVALENT (OBSERVATION_MISMATCH)
ContractVerification/RangeContracts: NOT-EQUIVALENT (OBSERVATION_MISMATCH)
ContractVerification/ListInvariant: NOT-EQUIVALENT (OBSERVATION_MISMATCH)
ContractVerification/SortingContracts: NOT-EQUIVALENT (OBSERVATION_MISMATCH)
ContractVerification/SearchContracts: NOT-EQUIVALENT (OBSERVATION_MISMATCH)
ContractVerification/AbsoluteContracts: NOT-EQUIVALENT (OBSERVATION_MISMATCH)
ContractVerification/ModuloContracts: NOT-EQUIVALENT (OBSERVATION_MISMATCH)
ContractVerification/BitContracts: NOT-EQUIVALENT (OBSERVATION_MISMATCH)
DesignPatterns/Visitor: NOT-EQUIVALENT (BUILD_FAILED_CALOR)
DesignPatterns/TemplateMethod: NOT-EQUIVALENT (BUILD_FAILED_CALOR)
ErrorHandling/BasicTryCatch: EQUIVALENT (AGREE)
ErrorHandling/MultipleCatch: NOT-EQUIVALENT (SURFACE_MISMATCH)
ErrorHandling/TryFinally: NOT-EQUIVALENT (SURFACE_MISMATCH)
ErrorHandling/CustomException: NOT-EQUIVALENT (SURFACE_MISMATCH)
ErrorHandling/ExceptionChain: NOT-EQUIVALENT (SURFACE_MISMATCH)
ErrorHandling/ResultType: NOT-EQUIVALENT (SURFACE_MISMATCH)
ErrorHandling/OptionType: NOT-EQUIVALENT (SURFACE_MISMATCH)
ErrorHandling/NullCheck: NOT-EQUIVALENT (SURFACE_MISMATCH)
ErrorHandling/GuardClause: NOT-EQUIVALENT (SURFACE_MISMATCH)
ErrorHandling/ErrorPropagation: NOT-EQUIVALENT (OBSERVATION_MISMATCH)
EffectSoundness/CorrectEffects: NOT-EQUIVALENT (OBSERVATION_MISMATCH)
EffectSoundness/MissingEffects: NOT-EQUIVALENT (SURFACE_MISMATCH)
EffectSoundness/HiddenNetworkEffect: NOT-EQUIVALENT (SURFACE_MISMATCH)
EffectSoundness/FileEffects: NOT-EQUIVALENT (BUILD_FAILED_CALOR)
EffectSoundness/DatabaseEffect: NOT-EQUIVALENT (BUILD_FAILED_CALOR)
EffectSoundness/NetworkEffect: NOT-EQUIVALENT (BUILD_FAILED_CALOR)
EffectSoundness/ComposedEffects: NOT-EQUIVALENT (BUILD_FAILED_CALOR)
EffectSoundness/PureComputation: NOT-EQUIVALENT (OBSERVATION_MISMATCH)
EffectSoundness/StateEffect: NOT-EQUIVALENT (SURFACE_MISMATCH)
EffectSoundness/TimerEffect: NOT-EQUIVALENT (OBSERVATION_MISMATCH)
InteropEffectCoverage/BclCoverage: NOT-EQUIVALENT (SURFACE_MISMATCH)
InteropEffectCoverage/PureFunctions: NOT-EQUIVALENT (BUILD_FAILED_CALOR)
InteropEffectCoverage/MathLib: NOT-EQUIVALENT (SURFACE_MISMATCH)
InteropEffectCoverage/StringLib: NOT-EQUIVALENT (SURFACE_MISMATCH)
InteropEffectCoverage/CollectionLib: NOT-EQUIVALENT (SURFACE_MISMATCH)
OOPGenerics/SimpleClass: NOT-EQUIVALENT (SURFACE_MISMATCH)
OOPGenerics/ConstructorInit: NOT-EQUIVALENT (SURFACE_MISMATCH)
OOPGenerics/Properties: NOT-EQUIVALENT (SURFACE_MISMATCH)
OOPGenerics/Inheritance: NOT-EQUIVALENT (SURFACE_MISMATCH)
OOPGenerics/InterfaceImpl: NOT-EQUIVALENT (BUILD_FAILED_CALOR)
OOPGenerics/AbstractClass: NOT-EQUIVALENT (SURFACE_MISMATCH)
OOPGenerics/SealedClass: NOT-EQUIVALENT (SURFACE_MISMATCH)
OOPGenerics/GenericFunction: NOT-EQUIVALENT (SURFACE_MISMATCH)
OOPGenerics/GenericClass: NOT-EQUIVALENT (SURFACE_MISMATCH)
OOPGenerics/GenericConstraints: NOT-EQUIVALENT (SURFACE_MISMATCH)
OOPGenerics/StaticMembers: NOT-EQUIVALENT (SURFACE_MISMATCH)
OOPGenerics/MethodOverloading: NOT-EQUIVALENT (SURFACE_MISMATCH)
OOPGenerics/MethodOverriding: NOT-EQUIVALENT (SURFACE_MISMATCH)
OOPGenerics/Encapsulation: NOT-EQUIVALENT (SURFACE_MISMATCH)
OOPGenerics/Composition: NOT-EQUIVALENT (BUILD_FAILED_CALOR)
OOPGenerics/Polymorphism: NOT-EQUIVALENT (BUILD_FAILED_CALOR)
OOPGenerics/EnumType: NOT-EQUIVALENT (SURFACE_MISMATCH)
OOPGenerics/EnumWithMethods: NOT-EQUIVALENT (SURFACE_MISMATCH)
OOPGenerics/RecordType: NOT-EQUIVALENT (SURFACE_MISMATCH)
OOPGenerics/TypeAlias: NOT-EQUIVALENT (SURFACE_MISMATCH)
OOPGenerics/PropertyAccess: NOT-EQUIVALENT (SURFACE_MISMATCH)
PatternMatching/SimpleMatch: NOT-EQUIVALENT (SURFACE_MISMATCH)
PatternMatching/TypeMatch: NOT-EQUIVALENT (SURFACE_MISMATCH)
PatternMatching/RangeMatch: NOT-EQUIVALENT (SURFACE_MISMATCH)
PatternMatching/GuardMatch: NOT-EQUIVALENT (SURFACE_MISMATCH)
PatternMatching/NestedMatch: NOT-EQUIVALENT (SURFACE_MISMATCH)
PatternMatching/TupleMatch: NOT-EQUIVALENT (SURFACE_MISMATCH)
PatternMatching/EnumMatch: NOT-EQUIVALENT (SURFACE_MISMATCH)
PatternMatching/WildcardMatch: EQUIVALENT (AGREE)
PatternMatching/PropertyMatch: NOT-EQUIVALENT (SURFACE_MISMATCH)
PatternMatching/ExhaustiveMatch: NOT-EQUIVALENT (SURFACE_MISMATCH)
PatternMatching/SwitchExpression: NOT-EQUIVALENT (SURFACE_MISMATCH)
ErrorDetection/ArraySum_buggy: EXCLUDED-PRE-REGISTERED (PRE_REGISTERED_EXCLUSION)
ErrorDetection/Divide_buggy: EXCLUDED-PRE-REGISTERED (PRE_REGISTERED_EXCLUSION)
ErrorDetection/NullDeref_buggy: EXCLUDED-PRE-REGISTERED (PRE_REGISTERED_EXCLUSION)
ErrorDetection/Overflow_buggy: EXCLUDED-PRE-REGISTERED (PRE_REGISTERED_EXCLUSION)
ErrorDetection/MissingContract_buggy: EXCLUDED-PRE-REGISTERED (PRE_REGISTERED_EXCLUSION)
ErrorDetection/DeadCode_buggy: EXCLUDED-PRE-REGISTERED (PRE_REGISTERED_EXCLUSION)
ErrorDetection/Uninitialized_buggy: EXCLUDED-PRE-REGISTERED (PRE_REGISTERED_EXCLUSION)
ErrorDetection/DeadStore_buggy: EXCLUDED-PRE-REGISTERED (PRE_REGISTERED_EXCLUSION)
EditPrecision/Calculator_validated: EXCLUDED-PRE-REGISTERED (PRE_REGISTERED_EXCLUSION)
exit=0
