
============================================================
  Round-Trip Verification: Serilog
============================================================

Phase 1/5: Creating working copy of Serilog...
  Working directory: <REPO>/.n0-evidence/tmp/calor-roundtrip/Serilog/068a963b

Phase 2/5: Running baseline tests...
  WARNING: baseline build failed (the vendored subject does not build clean here)
  Baseline: 0/0 passed, 0 failed, 0 skipped

Phase 3/5: Converting library source files...
  Found 106 C# files to convert (6 excluded by pattern)
Unhandled exception. System.InvalidOperationException: Could not restore parse-context graph '<REPO>/.n0-evidence/tmp/calor-roundtrip/Serilog/068a963b/test/Serilog.Tests/Serilog.Tests.csproj': <REPO>/.n0-evidence/tmp/calor-roundtrip/Serilog/068a963b/src/Serilog/Serilog.csproj : error NU1301: Unable to load the service index for source https://api.nuget.org/v3/index.json. [<REPO>/.n0-evidence/tmp/calor-roundtrip/Serilog/068a963b/test/Serilog.Tests/Serilog.Tests.csproj]
<REPO>/.n0-evidence/tmp/calor-roundtrip/Serilog/068a963b/src/Serilog/Serilog.csproj : error NU1301:   The SSL connection could not be established, see inner exception. [<REPO>/.n0-evidence/tmp/calor-roundtrip/Serilog/068a963b/test/Serilog.Tests/Serilog.Tests.csproj]
<REPO>/.n0-evidence/tmp/calor-roundtrip/Serilog/068a963b/src/Serilog/Serilog.csproj : error NU1301:   Unable to read data from the transport connection: Socket is not connected. [<REPO>/.n0-evidence/tmp/calor-roundtrip/Serilog/068a963b/test/Serilog.Tests/Serilog.Tests.csproj]
<REPO>/.n0-evidence/tmp/calor-roundtrip/Serilog/068a963b/src/Serilog/Serilog.csproj : error NU1301:   Socket is not connected [<REPO>/.n0-evidence/tmp/calor-roundtrip/Serilog/068a963b/test/Serilog.Tests/Serilog.Tests.csproj]
   at Calor.RoundTrip.Harness.ProjectParseContextResolver.RestoreParseContextGraphAsync(String workDir, String project, IReadOnlyDictionary`2 globalProperties, RoundTripConfig config, CancellationToken cancellationToken) in <REPO>/tools/Calor.RoundTrip.Harness/ProjectParseContextResolver.cs:line 597
   at Calor.RoundTrip.Harness.ProjectParseContextResolver.ResolveAsync(String workDir, RoundTripConfig config, IReadOnlyCollection`1 candidateFiles, CancellationToken cancellationToken) in <REPO>/tools/Calor.RoundTrip.Harness/ProjectParseContextResolver.cs:line 190
   at Calor.RoundTrip.Harness.RoundTripPipeline.ConvertAndReplaceAsync(String workDir, RoundTripConfig config, RoundTripReport report, CancellationToken cancellationToken) in <REPO>/tools/Calor.RoundTrip.Harness/RoundTripPipeline.cs:line 344
   at Calor.RoundTrip.Harness.RoundTripPipeline.RunAsync(RoundTripConfig config, CancellationToken cancellationToken) in <REPO>/tools/Calor.RoundTrip.Harness/RoundTripPipeline.cs:line 63
   at Program.<<Main>$>g__RunCommand|0_0(String[] runArgs) in <REPO>/tools/Calor.RoundTrip.Harness/Program.cs:line 148
   at Program.<Main>$(String[] args) in <REPO>/tools/Calor.RoundTrip.Harness/Program.cs:line 23
   at Program.<Main>(String[] args)
